// Jest Snapshot v1, https://goo.gl/fbAQLP

exports[`get should return dns-txt 1`] = `
[
  {
    "addr": "0x0D5da59B93e8AC9b1781CE5694fbcE626586F4c9",
    "dnssec": false,
    "net": "ethereum",
    "netId": "1338",
    "type": "openatts",
  },
  {
    "addr": "0x94FD21A026E29E0686583b8be71Cb28a8ca1A8d4",
    "dnssec": false,
    "net": "ethereum",
    "netId": "1338",
    "type": "openatts",
  },
]
`;
