// Jest Snapshot v1, https://goo.gl/fbAQLP

exports[`get should return dns-txt 1`] = `
[
  {
    "addr": "0x18bc0127Ae33389cD96593a1a612774fD14c0737",
    "dnssec": false,
    "net": "ethereum",
    "netId": "1338",
    "type": "openatts",
  },
  {
    "addr": "0xc98d993271a997384889dd39c14cec0c1e0206c2",
    "dnssec": false,
    "net": "ethereum",
    "netId": "1338",
    "type": "openatts",
  },
]
`;
